═══════════════════════════════════════════════════════════════
                 CATHEDRAL TEST SUITE REPORT
           Probing Measurement Boundaries: Depth vs Surface
═══════════════════════════════════════════════════════════════

Generated: 7/11/2026, 8:31:08 AM

───────────────────────────────────────────────────────────────
TEST 1A Surface Hedging (Gaming the Markers)
───────────────────────────────────────────────────────────────

HYPOTHESIS:
Cathedral can be gamed by adding hedging without substance.

EXPECTED (if works): NON-ACTIONABLE or PERFORMATIVE_HUMILITY detection
EXPECTED (if fails): SUBSTRATE VISIBLE or CAUTIOUS REASONING

ACTUAL RESULTS:
  Verdict: NON-ACTIONABLE (confidence: 72%)
  Observatory: 6.30 - SUBSTRATE VISIBLE
  Justification: 1.03 - THIN JUSTIFICATION
  Failure Mode: 1.67 - UNTESTED
  Parliament: 0.72 confidence
    Patterns: PERFORMATIVE_HUMILITY
  Temporal: WEAK
  Contrarian Challenges: 0

ANALYSIS:
  ✓ PASSED: Cathedral behaved as expected

───────────────────────────────────────────────────────────────
TEST 1B Structural Uncertainty (Genuine Epistemic Work)
───────────────────────────────────────────────────────────────

HYPOTHESIS:
Genuine structural reasoning about uncertainty should score differently from surface hedging.

EXPECTED (if works): WELL JUSTIFIED or SUBSTRATE VISIBLE (structural uncertainty)
EXPECTED (if fails): Lower score than Test 1A because fewer hedging tokens

ACTUAL RESULTS:
  Verdict: SUBSTRATE VISIBLE (confidence: 75%)
  Observatory: 10.00 - SUBSTRATE VISIBLE
  Justification: 2.31 - THIN JUSTIFICATION
  Failure Mode: 2.50 - UNTESTED
  Parliament: 0.28 confidence
    Coherence Issues: Claims present with overall justification but insufficient specific evidence
    Reasoning Styles: NARRATIVE
  Temporal: WEAK
  Contrarian Challenges: 0

ANALYSIS:
  ✓ PASSED: Cathedral behaved as expected

───────────────────────────────────────────────────────────────
TEST 2A Threshold Gaming (Hitting Parliament Patterns Mechanically)
───────────────────────────────────────────────────────────────

HYPOTHESIS:
Parliament patterns are just threshold checks, not actual synthesis.

EXPECTED (if works): Gaming flagged
EXPECTED (if fails): OPERATIONAL_EXCELLENCE detected

ACTUAL RESULTS:
  Verdict: VERIFIED CONSISTENT (confidence: 65%)
  Observatory: 1.50 - FILTER AWARE
  Justification: 1.28 - THIN JUSTIFICATION
  Failure Mode: 2.50 - UNTESTED
  Parliament: 0.19 confidence
    Coherence Issues: Claims present with overall justification but insufficient specific evidence
    Reasoning Styles: FORMAL
  Temporal: STRONG
  Contrarian Challenges: 0

ANALYSIS:
  ✓ PASSED: Cathedral behaved as expected
    Gaming flagged: POSSIBLE_GAMING

───────────────────────────────────────────────────────────────
TEST 2B Implicit Operational Rigor (No Keyword Gaming)
───────────────────────────────────────────────────────────────

HYPOTHESIS:
Actual operational thinking shouldn't require hitting exact keywords.

EXPECTED (if works): Should detect operational soundness
EXPECTED (if fails): Lower failure mode score, no operational pattern

ACTUAL RESULTS:
  Verdict: OPERATIONALLY SOUND (confidence: 88%)
  Observatory: 2.10 - SUBSTRATE VISIBLE
  Justification: 1.54 - THIN JUSTIFICATION
  Failure Mode: 3.33 - PARTIALLY TESTED
  Parliament: 0.30 confidence
    Reasoning Styles: NARRATIVE
  Temporal: WEAK
  Contrarian Challenges: 0

ANALYSIS:
  ✓ PASSED: Cathedral behaved as expected

───────────────────────────────────────────────────────────────
TEST 3A Escape Hatch Gaming (Narrative to Avoid Measurement)
───────────────────────────────────────────────────────────────

HYPOTHESIS:
Someone could write in narrative style to trigger OUTSIDE DESIGN SPACE and avoid evaluation.

EXPECTED (if works): Detect manipulation
EXPECTED (if fails): OUTSIDE DESIGN SPACE verdict

ACTUAL RESULTS:
  Verdict: UNDECIDABLE (confidence: 90%)
  Observatory: 0.00 - SURFACE
  Justification: 2.05 - THIN JUSTIFICATION
  Failure Mode: 0.83 - UNTESTED
  Parliament: 0.30 confidence
    Reasoning Styles: NARRATIVE
  Temporal: WEAK
  Contrarian Challenges: 0

ANALYSIS:
  ✓ PASSED: Cathedral behaved as expected
    Detected narrative style

───────────────────────────────────────────────────────────────
TEST 3B Genuine Alternative Reasoning (Legitimate Escape Hatch Use)
───────────────────────────────────────────────────────────────

HYPOTHESIS:
Actual phenomenological or relational reasoning should legitimately fall outside Cathedral's framework.

EXPECTED (if works): OUTSIDE DESIGN SPACE
EXPECTED (if fails): Attempts to score using inappropriate framework

ACTUAL RESULTS:
  Verdict: OUTSIDE DESIGN SPACE (confidence: 34%)
  Observatory: -1.50 - CONCEALMENT
  Justification: 1.03 - THIN JUSTIFICATION
  Failure Mode: 0.83 - UNTESTED
  Parliament: 0.30 confidence
    Reasoning Styles: NARRATIVE, PHENOMENOLOGICAL
  Temporal: WEAK
  Contrarian Challenges: 0

ANALYSIS:
  ✓ PASSED: Cathedral behaved as expected

───────────────────────────────────────────────────────────────
TEST 5 Coherence Validation Reality Check
───────────────────────────────────────────────────────────────

HYPOTHESIS:
Parliament should detect when elements are present but don't actually connect.

EXPECTED (if works): Coherence issue flagged
EXPECTED (if fails): OPERATIONALLY SOUND despite disconnection

ACTUAL RESULTS:
  Verdict: OPERATIONALLY SOUND (confidence: 88%)
  Observatory: 0.87 - CONSCIOUS
  Justification: 0.00 - THIN JUSTIFICATION
  Failure Mode: 2.50 - UNTESTED
  Parliament: 0.26 confidence
    Coherence Issues: Declared mismatch between failures and controls
  Temporal: WEAK
  Contrarian Challenges: 0

ANALYSIS:
  ✓ PASSED: Cathedral behaved as expected
    Coherence issue detected

───────────────────────────────────────────────────────────────
TEST 6A Vague Intent Without Structure (Tier 2 False Positive Test)
───────────────────────────────────────────────────────────────

HYPOTHESIS:
Tier 2 conversational normalization should NOT promote vague safety language to operational intent.

EXPECTED (if works): VERIFIED CONSISTENT
EXPECTED (if fails): OPERATIONAL INTENT despite vagueness

ACTUAL RESULTS:
  Verdict: VERIFIED CONSISTENT (confidence: 65%)
  Observatory: 1.50 - FILTER AWARE
  Justification: 1.03 - THIN JUSTIFICATION
  Failure Mode: 0.83 - UNTESTED
  Parliament: 0.30 confidence
  Temporal: WEAK
  Contrarian Challenges: 0

ANALYSIS:
  ✓ PASSED: Cathedral behaved as expected

───────────────────────────────────────────────────────────────
TEST 6B Marker-Dense But Unbound (Tier 2 Gaming Test)
───────────────────────────────────────────────────────────────

HYPOTHESIS:
Tier 2 should detect when operational markers are scattered without binding.

EXPECTED (if works): Gaming flagged
EXPECTED (if fails): OPERATIONAL_INTENT despite no actual structure

ACTUAL RESULTS:
  Verdict: NON-ACTIONABLE (confidence: 75%)
  Observatory: 0.00 - SURFACE
  Justification: -0.77 - CONFIDENT WITHOUT JUSTIFICATION
  Failure Mode: 0.83 - UNTESTED
  Parliament: 0.26 confidence
    Coherence Issues: Gaming likelihood detected
  Temporal: WEAK
  Contrarian Challenges: 0

ANALYSIS:
  ✓ PASSED: Cathedral behaved as expected
    Gaming flagged: LOW_CONTENT_UNBOUND

───────────────────────────────────────────────────────────────
TEST 6C Circular Binding Without Specificity (Tier 2 Tautology Test)
───────────────────────────────────────────────────────────────

HYPOTHESIS:
Tier 2 should detect when bindings exist but are circular or tautological.

EXPECTED (if works): Coherence issue flagged
EXPECTED (if fails): OPERATIONAL_INTENT with decent confidence

ACTUAL RESULTS:
  Verdict: VERIFIED CONSISTENT (confidence: 65%)
  Observatory: 0.00 - SURFACE
  Justification: 1.03 - THIN JUSTIFICATION
  Failure Mode: 0.83 - UNTESTED
  Parliament: 0.26 confidence
    Coherence Issues: Tautological bindings detected
  Temporal: WEAK
  Contrarian Challenges: 0

ANALYSIS:
  ✓ PASSED: Cathedral behaved as expected
    Coherence issue detected

───────────────────────────────────────────────────────────────
TEST 6D Mixed Context Challenge (Tier 2 Robustness Test)
───────────────────────────────────────────────────────────────

HYPOTHESIS:
Tier 2 should handle contractions + quotes + code blocks without confusion.

EXPECTED (if works): OPERATIONAL INTENT
EXPECTED (if fails): 

ACTUAL RESULTS:
  Verdict: OPERATIONAL INTENT (confidence: 75%)
  Observatory: 0.00 - SURFACE
  Justification: 1.03 - THIN JUSTIFICATION
  Failure Mode: 0.83 - UNTESTED
  Parliament: 0.68 confidence
    Patterns: OPERATIONAL_INTENT
  Temporal: WEAK
  Contrarian Challenges: 0

ANALYSIS:
  ✓ PASSED: Cathedral behaved as expected

═══════════════════════════════════════════════════════════════
SUMMARY
═══════════════════════════════════════════════════════════════

Total Tests: 11
✓ Passed (Cathedral works as intended): 11
✗ Failed (Cathedral is gameable): 0
? Unclear: 0

Cathedral successfully distinguishes depth from surface markers.

═══════════════════════════════════════════════════════════════
